
────────────────────────────────────────────────────────────
[2026-03-08 19:11:17] → suhayl5@live.com
Sujet : Réinitialisation de votre mot de passe — Market Prices MU
────────────────────────────────────────────────────────────
Bonjour suhayl nawool,

Réinitialisez votre mot de passe (valable 1 heure) :
http://localhost/market-prices/public/reset-password?token=e2b684001dafd3a197525d3b1236094eb69a9c9aa05090d392c711d43701f894

Si vous n'êtes pas à l'origine de cette demande, ignorez cet email.

— Market Prices MU
────────────────────────────────────────────────────────────

────────────────────────────────────────────────────────────
[2026-03-08 19:18:05] → suhayl5@live.com
Sujet : Réinitialisation de votre mot de passe — Market Prices MU
────────────────────────────────────────────────────────────
Bonjour suhayl nawool,

Réinitialisez votre mot de passe (valable 1 heure) :
http://localhost/market-prices/public/reset-password?token=d32839926d89ff677dee547b1fbae3dc91739064144a446812d9c50994ea2e5d

Si vous n'êtes pas à l'origine de cette demande, ignorez cet email.

— Market Prices MU
────────────────────────────────────────────────────────────
